Archive member included to satisfy reference by file (symbol)

../../lib/libcircle.a(actled.o)
                              kernel.o (CActLED::CActLED(bool))
../../lib/libcircle.a(bcmframebuffer.o)
                              kernel.o (CBcmFrameBuffer::CBcmFrameBuffer(unsigned int, unsigned int, unsigned int, unsigned int, unsigned int, unsigned int, bool))
../../lib/libcircle.a(bcmpropertytags.o)
                              ../../lib/libcircle.a(bcmframebuffer.o) (CBcmPropertyTags::CBcmPropertyTags(bool))
../../lib/libcircle.a(chargenerator.o)
                              kernel.o (CCharGenerator::CCharGenerator())
../../lib/libcircle.a(gpiopin.o)
                              ../../lib/libcircle.a(actled.o) (CGPIOPin::Write(unsigned int))
../../lib/libcircle.a(koptions.o)
                              kernel.o (CKernelOptions::~CKernelOptions())
../../lib/libcircle.a(machineinfo.o)
                              kernel.o (CMachineInfo::CMachineInfo())
../../lib/libcircle.a(sysinit.o)
                              main.o (halt)
../../lib/libcircle.a(timer.o)
                              kernel.o (CTimer::CTimer(CInterruptSystem*))
../../lib/libcircle.a(util.o)
                              CLogger.o (strlen)
../../lib/libcircle.a(util_fast.o)
                              kernel.o (memset)
../../lib/libcircle.a(virtualgpiopin.o)
                              ../../lib/libcircle.a(actled.o) (CVirtualGPIOPin::Write(unsigned int))
../../lib/libcircle.a(chainboot.o)
                              ../../lib/libcircle.a(sysinit.o) (IsChainBootEnabled)
../../lib/libcircle.a(new.o)  CLogger.o (operator new(unsigned int))
../../lib/libcircle.a(heapallocator.o)
                              ../../lib/libcircle.a(new.o) (CHeapAllocator::Allocate(unsigned int))
../../lib/libcircle.a(exceptionhandler.o)
                              kernel.o (CExceptionHandler::~CExceptionHandler())
../../lib/libcircle.a(exceptionstub.o)
                              ../../lib/libcircle.a(exceptionhandler.o) (PrefetchAbortStub)
../../lib/libcircle.a(memory.o)
                              ../../lib/libcircle.a(sysinit.o) (CMemorySystem::Destructor())
../../lib/libcircle.a(pagetable.o)
                              ../../lib/libcircle.a(memory.o) (CPageTable::CPageTable(unsigned int))
../../lib/libcircle.a(startup.o)
                              (_start)
../../lib/libcircle.a(synchronize.o)
                              ../../lib/libcircle.a(gpiopin.o) (EnterCritical)
../../lib/libcircle.a(interrupt.o)
                              kernel.o (CInterruptSystem::CInterruptSystem())
../../lib/libcircle.a(assert.o)
                              ../../lib/libcircle.a(bcmpropertytags.o) (assertion_failed)
../../lib/libcircle.a(bcmmailbox.o)
                              ../../lib/libcircle.a(bcmpropertytags.o) (CBcmMailBox::CBcmMailBox(unsigned int, bool))
../../lib/libcircle.a(debug.o)
                              ../../lib/libcircle.a(exceptionhandler.o) (debug_stacktrace(unsigned int const*, char const*))
../../lib/libcircle.a(delayloop.o)
                              ../../lib/libcircle.a(timer.o) (DelayLoop)
../../lib/libcircle.a(gpiomanager.o)
                              ../../lib/libcircle.a(gpiopin.o) (CGPIOManager::ConnectInterrupt(CGPIOPin*))
../../lib/libcircle.a(ptrlist.o)
                              ../../lib/libcircle.a(timer.o) (CPtrList::CPtrList())
../../lib/libcircle.a(string.o)
                              ../../lib/libcircle.a(sysinit.o) (CString::CString())
../../lib/libcircle.a(pageallocator.o)
                              ../../lib/libcircle.a(memory.o) (CPageAllocator::CPageAllocator())
/home/bestenfalls/arm-gnu-toolchain-13.2.Rel1-x86_64-arm-none-eabi/bin/../lib/gcc/arm-none-eabi/13.2.1/arm/v5te/hard/libgcc.a(_udivsi3.o)
                              hardware.o (__aeabi_uidiv)
/home/bestenfalls/arm-gnu-toolchain-13.2.Rel1-x86_64-arm-none-eabi/bin/../lib/gcc/arm-none-eabi/13.2.1/arm/v5te/hard/libgcc.a(_dvmd_tls.o)
                              /home/bestenfalls/arm-gnu-toolchain-13.2.Rel1-x86_64-arm-none-eabi/bin/../lib/gcc/arm-none-eabi/13.2.1/arm/v5te/hard/libgcc.a(_udivsi3.o) (__aeabi_idiv0)
/home/bestenfalls/arm-gnu-toolchain-13.2.Rel1-x86_64-arm-none-eabi/bin/../lib/gcc/arm-none-eabi/13.2.1/arm/v5te/hard/libgcc.a(_aeabi_uldivmod.o)
                              ../../lib/libcircle.a(string.o) (__aeabi_uldivmod)
/home/bestenfalls/arm-gnu-toolchain-13.2.Rel1-x86_64-arm-none-eabi/bin/../lib/gcc/arm-none-eabi/13.2.1/arm/v5te/hard/libgcc.a(_udivmoddi4.o)
                              /home/bestenfalls/arm-gnu-toolchain-13.2.Rel1-x86_64-arm-none-eabi/bin/../lib/gcc/arm-none-eabi/13.2.1/arm/v5te/hard/libgcc.a(_aeabi_uldivmod.o) (__udivmoddi4)

There are no discarded input sections

Memory Configuration

Name             Origin             Length             Attributes
*default*        0x00000000         0xffffffff

Linker script and memory map

Address of section .init set to 0x8000

.init           0x00008000       0x64
 *(.init)
 .init          0x00008000       0x64 ../../lib/libcircle.a(startup.o)
                0x00008000                _start

.text           0x00008068     0x95d0
 *(.text*)
 .text          0x00008068        0x0 main.o
 .text.startup  0x00008068       0x3c main.o
                0x00008068                main
 *fill*         0x000080a4        0x4 
 .text          0x000080a8      0x4ac kernel.o
                0x000080a8                CKernel::TimerHandler(unsigned int, void*, void*)
                0x000080b0                CKernel::LoggerSink(void*, char const*, unsigned int)
                0x0000811c                CKernel::CKernel()
                0x0000811c                CKernel::CKernel()
                0x00008248                CKernel::Initialize()
                0x000082ac                CKernel::Run()
                0x000084f0                CKernel::~CKernel()
                0x000084f0                CKernel::~CKernel()
 .text          0x00008554      0x2dc hardware.o
                0x00008554                CKernel::frameBufferInit()
                0x0000863c                CKernel::bufferToScreenPlot(unsigned int, unsigned int, unsigned int)
                0x0000865c                CKernel::bufferToScreenDrawChar(char, unsigned int, unsigned int, unsigned int)
                0x00008710                CKernel::bufferToScreenClear()
                0x0000872c                CKernel::bufferToScreenDrawBuffer(char const*, unsigned int, unsigned int, unsigned int, unsigned int, unsigned int)
                0x00008818                CKernel::bufferToScreenGetGrid(unsigned int&, unsigned int&)
 .text          0x00008830      0x77c logging.o
                0x00008830                CKernel::storeLog(char*, unsigned int&, char const*, unsigned int, char const*, unsigned int, char const*, unsigned int, char const*, unsigned int)
                0x00008b48                CKernel::storeMsg(char*, unsigned int&, char const*, void const*, unsigned int)
                0x00008c60                CKernel::nextline(char*, unsigned int&)
                0x00008c88                CKernel::startupScreen()
 .text          0x00008fac      0x33c CLogger.o
                0x00008fac                CLogger::CLogger(unsigned int, CTimer*, bool)
                0x00008fac                CLogger::CLogger(unsigned int, CTimer*, bool)
                0x00008fc4                CLogger::~CLogger()
                0x00008fc4                CLogger::~CLogger()
                0x00008fe0                CLogger::Initialize(CDevice*)
                0x00008fe8                CLogger::SetNewTarget(CDevice*)
                0x00008fec                CLogger::Get()
                0x00009020                CLogger::SetRawSink(void (*)(void*, char const*, unsigned int), void*)
                0x00009030                CLogger::RegisterPanicHandler(void (*)())
                0x00009038                CLogger::WriteRaw(char const*, unsigned int)
                0x00009060                CLogger::WriteCString(char const*)
                0x000090a0                CLogger::WriteV(char const*, TLogSeverity, char const*, std::__va_list)
                0x000091b0                CLogger::Write(char const*, TLogSeverity, char const*, ...)
                0x000091e0                CLogger::WriteNoAlloc(char const*, TLogSeverity, char const*)
 .text          0x000092e8      0x1ec ../../lib/libcircle.a(actled.o)
                0x000092e8                CActLED::CActLED(bool)
                0x000092e8                CActLED::CActLED(bool)
                0x000093c0                CActLED::~CActLED()
                0x000093c0                CActLED::~CActLED()
                0x000093d4                CActLED::On()
                0x000093fc                CActLED::Off()
                0x0000942c                CActLED::Blink(unsigned int, unsigned int, unsigned int)
                0x000094c4                CActLED::Get()
 .text          0x000094d4      0x51c ../../lib/libcircle.a(bcmframebuffer.o)
                0x000094d4                CBcmFrameBuffer::CBcmFrameBuffer(unsigned int, unsigned int, unsigned int, unsigned int, unsigned int, unsigned int, bool)
                0x000094d4                CBcmFrameBuffer::CBcmFrameBuffer(unsigned int, unsigned int, unsigned int, unsigned int, unsigned int, unsigned int, bool)
                0x0000963c                CBcmFrameBuffer::~CBcmFrameBuffer()
                0x0000963c                CBcmFrameBuffer::~CBcmFrameBuffer()
                0x00009660                CBcmFrameBuffer::SetPalette(unsigned char, unsigned short)
                0x000096b8                CBcmFrameBuffer::SetPalette32(unsigned char, unsigned int)
                0x000096f0                CBcmFrameBuffer::GetWidth() const
                0x000096f8                CBcmFrameBuffer::GetHeight() const
                0x00009700                CBcmFrameBuffer::GetVirtWidth() const
                0x00009708                CBcmFrameBuffer::GetVirtHeight() const
                0x00009710                CBcmFrameBuffer::GetPitch() const
                0x00009718                CBcmFrameBuffer::GetDepth() const
                0x00009720                CBcmFrameBuffer::GetBuffer() const
                0x00009728                CBcmFrameBuffer::GetSize() const
                0x00009730                CBcmFrameBuffer::UpdatePalette()
                0x00009800                CBcmFrameBuffer::Initialize()
                0x000098c8                CBcmFrameBuffer::SetVirtualOffset(unsigned int, unsigned int)
                0x00009944                CBcmFrameBuffer::WaitForVerticalSync()
                0x00009990                CBcmFrameBuffer::SetBacklightBrightness(unsigned int)
                0x000099e4                CBcmFrameBuffer::SetDisplay()
                0x000099e8                CBcmFrameBuffer::GetNumDisplays()
 .text          0x000099f0      0x238 ../../lib/libcircle.a(bcmpropertytags.o)
                0x000099f0                CBcmPropertyTags::CBcmPropertyTags(bool)
                0x000099f0                CBcmPropertyTags::CBcmPropertyTags(bool)
                0x00009a0c                CBcmPropertyTags::~CBcmPropertyTags()
                0x00009a0c                CBcmPropertyTags::~CBcmPropertyTags()
                0x00009a20                CBcmPropertyTags::GetTags(void*, unsigned int)
                0x00009b34                CBcmPropertyTags::GetTag(unsigned int, void*, unsigned int, unsigned int)
 .text          0x00009c28       0x94 ../../lib/libcircle.a(chargenerator.o)
                0x00009c28                CCharGenerator::CCharGenerator()
                0x00009c28                CCharGenerator::CCharGenerator()
                0x00009c34                CCharGenerator::~CCharGenerator()
                0x00009c34                CCharGenerator::~CCharGenerator()
                0x00009c38                CCharGenerator::GetCharWidth() const
                0x00009c40                CCharGenerator::GetCharHeight() const
                0x00009c48                CCharGenerator::GetUnderline() const
                0x00009c50                CCharGenerator::GetPixel(char, unsigned int, unsigned int) const
 .text          0x00009cbc      0xcd0 ../../lib/libcircle.a(gpiopin.o)
                0x00009cbc                CGPIOPin::~CGPIOPin()
                0x00009cbc                CGPIOPin::~CGPIOPin()
                0x00009cc0                CGPIOPin::~CGPIOPin()
                0x00009cd8                CGPIOPin::CGPIOPin()
                0x00009cd8                CGPIOPin::CGPIOPin()
                0x00009d10                CGPIOPin::AssignPin(unsigned int)
                0x00009d94                CGPIOPin::Write(unsigned int)
                0x00009e24                CGPIOPin::Read() const
                0x00009e9c                CGPIOPin::Invert()
                0x00009f34                CGPIOPin::ConnectInterrupt(void (*)(void*), void*, bool)
                0x0000a004                CGPIOPin::DisconnectInterrupt()
                0x0000a0b4                CGPIOPin::EnableInterrupt(TGPIOInterrupt)
                0x0000a1ac                CGPIOPin::DisableInterrupt()
                0x0000a25c                CGPIOPin::EnableInterrupt2(TGPIOInterrupt)
                0x0000a364                CGPIOPin::DisableInterrupt2()
                0x0000a414                CGPIOPin::AcknowledgeInterrupt()
                0x0000a478                CGPIOPin::WriteAll(unsigned int, unsigned int)
                0x0000a4a8                CGPIOPin::ReadAll()
                0x0000a4c4                CGPIOPin::SetPullMode(TGPIOPullMode)
                0x0000a568                CGPIOPin::SetAlternateFunction(unsigned int)
                0x0000a62c                CGPIOPin::SetMode(TGPIOMode, bool)
                0x0000a7d4                CGPIOPin::CGPIOPin(unsigned int, TGPIOMode, CGPIOManager*)
                0x0000a7d4                CGPIOPin::CGPIOPin(unsigned int, TGPIOMode, CGPIOManager*)
                0x0000a878                CGPIOPin::InterruptHandler()
                0x0000a8fc                CGPIOPin::DisableAllInterrupts(unsigned int)
 .text.startup  0x0000a98c       0x14 ../../lib/libcircle.a(gpiopin.o)
 .text          0x0000a9a0      0x8a0 ../../lib/libcircle.a(koptions.o)
                0x0000a9a0                CKernelOptions::~CKernelOptions()
                0x0000a9a0                CKernelOptions::~CKernelOptions()
                0x0000aa0c                CKernelOptions::GetWidth() const
                0x0000aa14                CKernelOptions::GetHeight() const
                0x0000aa1c                CKernelOptions::GetLogDevice() const
                0x0000aa28                CKernelOptions::GetLogLevel() const
                0x0000aa30                CKernelOptions::GetKeyMap() const
                0x0000aa38                CKernelOptions::GetUSBPowerDelay() const
                0x0000aa40                CKernelOptions::GetUSBFullSpeed() const
                0x0000aa48                CKernelOptions::GetUSBBoost() const
                0x0000aa50                CKernelOptions::GetUSBIgnore() const
                0x0000aa5c                CKernelOptions::GetUSBSoundChannels() const
                0x0000aa64                CKernelOptions::GetSoundDevice() const
                0x0000aa70                CKernelOptions::GetSoundOption() const
                0x0000aa78                CKernelOptions::GetCPUSpeed() const
                0x0000aa80                CKernelOptions::GetSoCMaxTemp() const
                0x0000aa88                CKernelOptions::GetGPIOFanPin() const
                0x0000aa90                CKernelOptions::GetTouchScreen() const
                0x0000aaa4                CKernelOptions::GetAppOptionString(char const*, char const*) const
                0x0000aaf0                CKernelOptions::Get()
                0x0000ab00                CKernelOptions::GetToken()
                0x0000ab80                CKernelOptions::GetOptionValue(char*)
                0x0000abb8                CKernelOptions::GetDecimal(char const*)
                0x0000ac20                CKernelOptions::GetAppOptionDecimal(char const*, unsigned int) const
                0x0000ac7c                CKernelOptions::GetDecimals(char*, unsigned int*, unsigned int)
                0x0000ad4c                CKernelOptions::CKernelOptions()
                0x0000ad4c                CKernelOptions::CKernelOptions()
 .text          0x0000b240      0x8cc ../../lib/libcircle.a(machineinfo.o)
                0x0000b240                CMachineInfo::CMachineInfo()
                0x0000b240                CMachineInfo::CMachineInfo()
                0x0000b694                CMachineInfo::~CMachineInfo()
                0x0000b694                CMachineInfo::~CMachineInfo()
                0x0000b6b0                CMachineInfo::GetMachineModel() const
                0x0000b6b8                CMachineInfo::GetMachineName() const
                0x0000b6cc                CMachineInfo::GetModelMajor() const
                0x0000b6d4                CMachineInfo::GetModelRevision() const
                0x0000b6dc                CMachineInfo::GetSoCType() const
                0x0000b6e4                CMachineInfo::GetRAMSize() const
                0x0000b6ec                CMachineInfo::GetSoCName() const
                0x0000b704                CMachineInfo::GetRevisionRaw() const
                0x0000b70c                CMachineInfo::GetActLEDInfo() const
                0x0000b724                CMachineInfo::GetClockRate(unsigned int) const
                0x0000b864                CMachineInfo::GetGPIOPin(TGPIOVirtualPin) const
                0x0000b8c8                CMachineInfo::GetGPIOClockSourceRate(unsigned int)
                0x0000b924                CMachineInfo::GetDevice(TDeviceId) const
                0x0000b958                CMachineInfo::ArePWMChannelsSwapped() const
                0x0000b974                CMachineInfo::AllocateDMAChannel(unsigned int)
                0x0000ba4c                CMachineInfo::FreeDMAChannel(unsigned int)
                0x0000badc                CMachineInfo::Get()
 .text          0x0000bb0c      0x168 ../../lib/libcircle.a(sysinit.o)
                0x0000bb0c                __aeabi_atexit
                0x0000bb10                __errno
                0x0000bb1c                set_qemu_exit_status
                0x0000bb20                halt
                0x0000bb2c                reboot
                0x0000bb58                sysinit
 .text          0x0000bc74      0xdf4 ../../lib/libcircle.a(timer.o)
                0x0000bc74                CTimer::CTimer(CInterruptSystem*)
                0x0000bc74                CTimer::CTimer(CInterruptSystem*)
                0x0000bcfc                CTimer::~CTimer()
                0x0000bcfc                CTimer::~CTimer()
                0x0000bdd8                CTimer::SetTimeZone(int)
                0x0000be00                CTimer::GetTimeZone() const
                0x0000be08                CTimer::SetTime(unsigned int, bool)
                0x0000bea4                CTimer::GetClockTicks()
                0x0000bec0                CTimer::GetTicks() const
                0x0000bec8                CTimer::GetUptime() const
                0x0000bed0                CTimer::GetTime() const
                0x0000bed8                CTimer::GetLocalTime(unsigned int*, unsigned int*)
                0x0000bfa0                CTimer::GetUniversalTime() const
                0x0000bfc0                CTimer::GetUniversalTime(unsigned int*, unsigned int*)
                0x0000c0a4                CTimer::GetTimeString()
                0x0000c290                CTimer::StartKernelTimer(unsigned int, void (*)(unsigned int, void*, void*), void*, void*)
                0x0000c3e4                CTimer::CancelKernelTimer(unsigned int)
                0x0000c490                CTimer::PollKernelTimers()
                0x0000c5dc                CTimer::InterruptHandler()
                0x0000c700                CTimer::InterruptHandler(void*)
                0x0000c728                CTimer::TuneMsDelay()
                0x0000c7d8                CTimer::Initialize()
                0x0000c858                CTimer::RegisterUpdateTimeHandler(bool (*)(unsigned int, unsigned int))
                0x0000c8a4                CTimer::RegisterPeriodicHandler(void (*)())
                0x0000c914                CTimer::SimpleMsDelay(unsigned int)
                0x0000c960                CTimer::SimpleusDelay(unsigned int)
                0x0000c99c                CTimer::IsLeapYear(unsigned int)
                0x0000c9e0                CTimer::GetDaysOfMonth(unsigned int, unsigned int)
                0x0000ca38                CTimer::Get()
 .text          0x0000ca68      0x854 ../../lib/libcircle.a(util.o)
                0x0000ca68                memmove
                0x0000caa0                memcmp
                0x0000caf0                strlen
                0x0000cb18                strcmp
                0x0000cb88                strcasecmp
                0x0000cc10                strncmp
                0x0000cc90                strncasecmp
                0x0000cd74                strcpy
                0x0000cda0                strncpy
                0x0000cdd4                strcat
                0x0000ce18                strchr
                0x0000ce40                strstr
                0x0000cea4                strtok_r
                0x0000cf80                strtoul
                0x0000d0f8                strtoull
                0x0000d2ac                atoi
                0x0000d2b8                char2int
 .text          0x0000d2bc       0xb8 ../../lib/libcircle.a(util_fast.o)
                0x0000d2bc                memset
                0x0000d318                memcpy
 .text          0x0000d374      0x2a0 ../../lib/libcircle.a(virtualgpiopin.o)
                0x0000d374                CVirtualGPIOPin::~CVirtualGPIOPin()
                0x0000d374                CVirtualGPIOPin::~CVirtualGPIOPin()
                0x0000d378                CVirtualGPIOPin::~CVirtualGPIOPin()
                0x0000d390                CVirtualGPIOPin::Write(unsigned int)
                0x0000d4b4                CVirtualGPIOPin::CVirtualGPIOPin(unsigned int, bool)
                0x0000d4b4                CVirtualGPIOPin::CVirtualGPIOPin(unsigned int, bool)
                0x0000d608                CVirtualGPIOPin::Invert()
 .text.startup  0x0000d614       0x14 ../../lib/libcircle.a(virtualgpiopin.o)
 .text          0x0000d628       0xbc ../../lib/libcircle.a(chainboot.o)
                0x0000d670                EnableChainBoot
                0x0000d6b8                IsChainBootEnabled
                0x0000d6d0                DoChainBoot
 .text          0x0000d6e4       0xf0 ../../lib/libcircle.a(new.o)
                0x0000d6e4                operator new(unsigned int, int)
                0x0000d70c                operator new[](unsigned int, int)
                0x0000d734                operator new(unsigned int, void*)
                0x0000d73c                operator new[](unsigned int, void*)
                0x0000d744                operator new(unsigned int)
                0x0000d75c                operator new[](unsigned int)
                0x0000d774                operator delete(void*)
                0x0000d78c                operator delete[](void*)
                0x0000d7a4                operator delete(void*, unsigned int)
                0x0000d7bc                operator delete[](void*, unsigned int)
 .text          0x0000d7d4      0x458 ../../lib/libcircle.a(heapallocator.o)
                0x0000d7d4                CHeapAllocator::CHeapAllocator(char const*)
                0x0000d7d4                CHeapAllocator::CHeapAllocator(char const*)
                0x0000d838                CHeapAllocator::~CHeapAllocator()
                0x0000d838                CHeapAllocator::~CHeapAllocator()
                0x0000d83c                CHeapAllocator::Setup(unsigned int, unsigned int, unsigned int)
                0x0000d848                CHeapAllocator::GetFreeSpace() const
                0x0000d854                CHeapAllocator::Allocate(unsigned int)
                0x0000da38                CHeapAllocator::Free(void*)
                0x0000db44                CHeapAllocator::ReAllocate(void*, unsigned int)
 .text          0x0000dc2c      0x368 ../../lib/libcircle.a(exceptionhandler.o)
                0x0000dc2c                CExceptionHandler::~CExceptionHandler()
                0x0000dc2c                CExceptionHandler::~CExceptionHandler()
                0x0000dc40                CExceptionHandler::~CExceptionHandler()
                0x0000dc68                CExceptionHandler::Throw(unsigned int)
                0x0000dca8                CExceptionHandler::Throw(unsigned int, TAbortFrame*)
                0x0000dd98                CExceptionHandler::CExceptionHandler()
                0x0000dd98                CExceptionHandler::CExceptionHandler()
                0x0000de6c                CExceptionHandler::Get()
                0x0000de9c                ExceptionHandler
                0x0000defc                raise
 .text          0x0000df94      0x188 ../../lib/libcircle.a(exceptionstub.o)
                0x0000df94                UndefinedInstructionInternal
                0x0000dfe4                PrefetchAbortStub
                0x0000e034                DataAbortStub
                0x0000e084                UndefinedInstructionStub
                0x0000e0a0                IRQStub
                0x0000e0b8                FIQStub
 .text          0x0000e11c      0x2e0 ../../lib/libcircle.a(memory.o)
                0x0000e11c                CMemorySystem::Destructor()
                0x0000e16c                CMemorySystem::~CMemorySystem()
                0x0000e16c                CMemorySystem::~CMemorySystem()
                0x0000e190                CMemorySystem::GetMemSize() const
                0x0000e1c8                CMemorySystem::Get()
                0x0000e1f4                CMemorySystem::EnableMMU()
                0x0000e2ac                CMemorySystem::CMemorySystem(bool)
                0x0000e2ac                CMemorySystem::CMemorySystem(bool)
                0x0000e3f0                CMemorySystem::GetCoherentPage(unsigned int)
 .text          0x0000e3fc       0x9c ../../lib/libcircle.a(pagetable.o)
                0x0000e3fc                CPageTable::CPageTable(unsigned int)
                0x0000e3fc                CPageTable::CPageTable(unsigned int)
                0x0000e488                CPageTable::~CPageTable()
                0x0000e488                CPageTable::~CPageTable()
                0x0000e48c                CPageTable::GetBaseAddress() const
 .text          0x0000e498        0x0 ../../lib/libcircle.a(startup.o)
 .text          0x0000e498      0x174 ../../lib/libcircle.a(synchronize.o)
                0x0000e498                CurrentExecutionLevel
                0x0000e4b0                EnterCritical
                0x0000e558                LeaveCritical
                0x0000e5b0                CleanAndInvalidateDataCacheRange
                0x0000e5ec                SyncDataAndInstructionCache
 .text          0x0000e60c      0x6e8 ../../lib/libcircle.a(interrupt.o)
                0x0000e60c                CInterruptSystem::CInterruptSystem()
                0x0000e60c                CInterruptSystem::CInterruptSystem()
                0x0000e638                CInterruptSystem::~CInterruptSystem()
                0x0000e638                CInterruptSystem::~CInterruptSystem()
                0x0000e674                CInterruptSystem::Initialize()
                0x0000e710                CInterruptSystem::ConnectIRQ(unsigned int, void (*)(void*), void*)
                0x0000e7ac                CInterruptSystem::DisconnectIRQ(unsigned int)
                0x0000e84c                CInterruptSystem::ConnectFIQ(unsigned int, void (*)(void*), void*)
                0x0000e91c                CInterruptSystem::DisconnectFIQ()
                0x0000e99c                CInterruptSystem::EnableIRQ(unsigned int)
                0x0000ea10                CInterruptSystem::DisableIRQ(unsigned int)
                0x0000ea84                CInterruptSystem::EnableFIQ(unsigned int)
                0x0000eac8                CInterruptSystem::DisableFIQ()
                0x0000eae4                CInterruptSystem::Get()
                0x0000eb14                CInterruptSystem::CallIRQHandler(unsigned int)
                0x0000eba4                CInterruptSystem::InterruptHandler()
                0x0000ecdc                InterruptHandler
 .text          0x0000ecf4       0x84 ../../lib/libcircle.a(assert.o)
                0x0000ecf4                assertion_failed
 .text          0x0000ed78      0x1d4 ../../lib/libcircle.a(bcmmailbox.o)
                0x0000ed78                CBcmMailBox::CBcmMailBox(unsigned int, bool)
                0x0000ed78                CBcmMailBox::CBcmMailBox(unsigned int, bool)
                0x0000ed84                CBcmMailBox::~CBcmMailBox()
                0x0000ed84                CBcmMailBox::~CBcmMailBox()
                0x0000ed88                CBcmMailBox::WriteRead(unsigned int)
                0x0000eea0                CBcmMailBox::Flush()
                0x0000eed4                CBcmMailBox::Read()
                0x0000ef04                CBcmMailBox::Write(unsigned int)
 .text.startup  0x0000ef4c       0x14 ../../lib/libcircle.a(bcmmailbox.o)
 .text          0x0000ef60      0x198 ../../lib/libcircle.a(debug.o)
                0x0000ef60                debug_hexdump(void const*, unsigned int, char const*)
                0x0000f06c                debug_stacktrace(unsigned int const*, char const*)
 .text          0x0000f0f8       0x14 ../../lib/libcircle.a(delayloop.o)
                0x0000f0f8                DelayLoop
 .text          0x0000f10c      0x334 ../../lib/libcircle.a(gpiomanager.o)
                0x0000f10c                CGPIOManager::CGPIOManager(CInterruptSystem*)
                0x0000f10c                CGPIOManager::CGPIOManager(CInterruptSystem*)
                0x0000f130                CGPIOManager::~CGPIOManager()
                0x0000f130                CGPIOManager::~CGPIOManager()
                0x0000f1ac                CGPIOManager::Initialize()
                0x0000f218                CGPIOManager::ConnectInterrupt(CGPIOPin*)
                0x0000f2a8                CGPIOManager::DisconnectInterrupt(CGPIOPin*)
                0x0000f33c                CGPIOManager::InterruptHandler()
                0x0000f418                CGPIOManager::InterruptStub(void*)
 .text          0x0000f440      0x418 ../../lib/libcircle.a(ptrlist.o)
                0x0000f440                CPtrList::CPtrList()
                0x0000f440                CPtrList::CPtrList()
                0x0000f44c                CPtrList::~CPtrList()
                0x0000f44c                CPtrList::~CPtrList()
                0x0000f474                CPtrList::GetFirst()
                0x0000f47c                CPtrList::GetNext(TPtrListElement*)
                0x0000f4d0                CPtrList::GetPtr(TPtrListElement*)
                0x0000f524                CPtrList::InsertBefore(TPtrListElement*, void*)
                0x0000f60c                CPtrList::InsertAfter(TPtrListElement*, void*)
                0x0000f6f0                CPtrList::Remove(TPtrListElement*)
                0x0000f800                CPtrList::Find(void*)
 .text          0x0000f858     0x18b8 ../../lib/libcircle.a(string.o)
                0x0000f858                CString::~CString()
                0x0000f858                CString::~CString()
                0x0000f884                CString::~CString()
                0x0000f924                CString::CString()
                0x0000f924                CString::CString()
                0x0000f93c                CString::CString(char const*)
                0x0000f93c                CString::CString(char const*)
                0x0000f97c                CString::CString(CString const&)
                0x0000f97c                CString::CString(CString const&)
                0x0000f9d4                CString::CString(CString&&)
                0x0000f9d4                CString::CString(CString&&)
                0x0000fa00                CString::operator char const*() const
                0x0000fa18                CString::operator=(char const*)
                0x0000fa5c                CString::operator=(CString const&)
                0x0000fab8                CString::operator=(CString&&)
                0x0000faf8                CString::GetLength() const
                0x0000fb08                CString::Append(char const*)
                0x0000fb8c                CString::Compare(char const*) const
                0x0000fb94                CString::Find(char) const
                0x0000fbc8                CString::Replace(char const*, char const*)
                0x0000fd64                CString::PutChar(char, unsigned int)
                0x0000fda4                CString::PutString(char const*)
                0x0000fde8                CString::ReserveSpace(unsigned int)
                0x0000fe58                CString::ntoa(char*, unsigned long, unsigned int, bool)
                0x0000ff1c                CString::lltoa(char*, unsigned long long, unsigned int, bool)
                0x00010060                CString::ftoa(char*, double, unsigned int)
                0x000102f0                CString::FormatV(char const*, std::__va_list)
                0x000110e4                CString::Format(char const*, ...)
 .text          0x00011110      0x1bc ../../lib/libcircle.a(pageallocator.o)
                0x00011110                CPageAllocator::CPageAllocator()
                0x00011110                CPageAllocator::CPageAllocator()
                0x0001112c                CPageAllocator::~CPageAllocator()
                0x0001112c                CPageAllocator::~CPageAllocator()
                0x00011130                CPageAllocator::Setup(unsigned int, unsigned int)
                0x00011198                CPageAllocator::GetFreeSpace() const
                0x000111a4                CPageAllocator::Allocate()
                0x0001126c                CPageAllocator::Free(void*)
 .text          0x000112cc      0x20c /home/bestenfalls/arm-gnu-toolchain-13.2.Rel1-x86_64-arm-none-eabi/bin/../lib/gcc/arm-none-eabi/13.2.1/arm/v5te/hard/libgcc.a(_udivsi3.o)
                0x000112cc                __udivsi3
                0x000112cc                __aeabi_uidiv
                0x000114b8                __aeabi_uidivmod
 .text          0x000114d8        0x4 /home/bestenfalls/arm-gnu-toolchain-13.2.Rel1-x86_64-arm-none-eabi/bin/../lib/gcc/arm-none-eabi/13.2.1/arm/v5te/hard/libgcc.a(_dvmd_tls.o)
                0x000114d8                __aeabi_ldiv0
                0x000114d8                __aeabi_idiv0
 .text          0x000114dc       0x3c /home/bestenfalls/arm-gnu-toolchain-13.2.Rel1-x86_64-arm-none-eabi/bin/../lib/gcc/arm-none-eabi/13.2.1/arm/v5te/hard/libgcc.a(_aeabi_uldivmod.o)
                0x000114dc                __aeabi_uldivmod
 .text          0x00011518        0x0 /home/bestenfalls/arm-gnu-toolchain-13.2.Rel1-x86_64-arm-none-eabi/bin/../lib/gcc/arm-none-eabi/13.2.1/arm/v5te/hard/libgcc.a(_udivmoddi4.o)
 .text.__udivmoddi4
                0x00011518      0x120 /home/bestenfalls/arm-gnu-toolchain-13.2.Rel1-x86_64-arm-none-eabi/bin/../lib/gcc/arm-none-eabi/13.2.1/arm/v5te/hard/libgcc.a(_udivmoddi4.o)
                0x00011518                __udivmoddi4
                0x00011638                        _etext = .

.glue_7         0x00011638        0x0
 .glue_7        0x00011638        0x0 linker stubs

.glue_7t        0x00011638        0x0
 .glue_7t       0x00011638        0x0 linker stubs

.vfp11_veneer   0x00011638        0x0
 .vfp11_veneer  0x00011638        0x0 linker stubs

.v4_bx          0x00011638        0x0
 .v4_bx         0x00011638        0x0 linker stubs

.iplt           0x00011638        0x0
 .iplt          0x00011638        0x0 main.o

.rodata         0x00011638     0x2244
 *(.rodata*)
 .rodata        0x00011638       0xa5 kernel.o
 *fill*         0x000116dd        0x3 
 .rodata        0x000116e0       0xf6 logging.o
 *fill*         0x000117d6        0x2 
 .rodata.str1.4
                0x000117d8      0x86f CLogger.o
                                  0x6 (size before relaxing)
 *fill*         0x00012047        0x1 
 .rodata        0x00012048       0x70 ../../lib/libcircle.a(bcmframebuffer.o)
                0x00012048                CBcmFrameBuffer::s_InitTags
 .rodata        0x000120b8       0x98 ../../lib/libcircle.a(bcmpropertytags.o)
 .rodata.str1.4
                0x00012150       0x29 ../../lib/libcircle.a(chargenerator.o)
 .rodata        0x00012150      0xdf0 ../../lib/libcircle.a(chargenerator.o)
 .rodata        0x00012f40      0x2e5 ../../lib/libcircle.a(gpiopin.o)
                0x00012f40                vtable for CGPIOPin
 .rodata.str1.4
                0x00013225       0xd4 ../../lib/libcircle.a(koptions.o)
 *fill*         0x00013225        0x3 
 .rodata        0x00013228        0x2 ../../lib/libcircle.a(koptions.o)
 *fill*         0x0001322a        0x2 
 .rodata        0x0001322c      0x4d6 ../../lib/libcircle.a(machineinfo.o)
 .rodata.str1.4
                0x00013702        0x9 ../../lib/libcircle.a(sysinit.o)
 .rodata.str1.4
                0x00013702      0x1d4 ../../lib/libcircle.a(timer.o)
 *fill*         0x00013702        0x2 
 .rodata        0x00013704       0x36 ../../lib/libcircle.a(timer.o)
                0x00013704                CTimer::s_nDaysOfMonth
 *fill*         0x0001373a        0x2 
 .rodata        0x0001373c       0x30 ../../lib/libcircle.a(virtualgpiopin.o)
                0x0001375c                vtable for CVirtualGPIOPin
 .rodata.str1.4
                0x0001376c       0x7b ../../lib/libcircle.a(heapallocator.o)
 .rodata.str1.4
                0x0001376c       0xe4 ../../lib/libcircle.a(exceptionhandler.o)
 .rodata        0x0001376c       0x20 ../../lib/libcircle.a(exceptionhandler.o)
                0x00013774                vtable for CExceptionHandler
 .rodata        0x0001378c       0x90 ../../lib/libcircle.a(memory.o)
 .rodata.str1.4
                0x0001381c       0xb5 ../../lib/libcircle.a(synchronize.o)
 .rodata.str1.4
                0x0001381c       0xbd ../../lib/libcircle.a(interrupt.o)
 .rodata.str1.4
                0x0001381c       0x1d ../../lib/libcircle.a(assert.o)
 .rodata.str1.4
                0x0001381c       0x23 ../../lib/libcircle.a(bcmmailbox.o)
 .rodata.str1.4
                0x0001381c       0x93 ../../lib/libcircle.a(debug.o)
 .rodata        0x0001381c        0x6 ../../lib/libcircle.a(debug.o)
 .rodata.str1.4
                0x00013822       0x9c ../../lib/libcircle.a(gpiomanager.o)
 .rodata.str1.4
                0x00013822      0x176 ../../lib/libcircle.a(ptrlist.o)
 .rodata.str1.4
                0x00013822       0x17 ../../lib/libcircle.a(string.o)
 *fill*         0x00013822        0x2 
 .rodata        0x00013824       0x10 ../../lib/libcircle.a(string.o)
                0x00013824                vtable for CString
 .rodata        0x00013834       0x48 ../../lib/libcircle.a(pageallocator.o)

.ARM.extab.text.__udivmoddi4
                0x0001387c        0x0
 .ARM.extab.text.__udivmoddi4
                0x0001387c        0x0 /home/bestenfalls/arm-gnu-toolchain-13.2.Rel1-x86_64-arm-none-eabi/bin/../lib/gcc/arm-none-eabi/13.2.1/arm/v5te/hard/libgcc.a(_udivmoddi4.o)

.init_array     0x0001387c        0xc
                0x0001387c                        __init_start = .
 *(.init_array*)
 .init_array    0x0001387c        0x4 ../../lib/libcircle.a(gpiopin.o)
 .init_array    0x00013880        0x4 ../../lib/libcircle.a(virtualgpiopin.o)
 .init_array    0x00013884        0x4 ../../lib/libcircle.a(bcmmailbox.o)
                0x00013888                        __init_end = .

.ARM.exidx      0x00013888        0x8
                0x00013888                        __exidx_start = .
 *(.ARM.exidx*)
 .ARM.exidx.text.__udivmoddi4
                0x00013888        0x8 /home/bestenfalls/arm-gnu-toolchain-13.2.Rel1-x86_64-arm-none-eabi/bin/../lib/gcc/arm-none-eabi/13.2.1/arm/v5te/hard/libgcc.a(_udivmoddi4.o)
                0x00013890                        __exidx_end = .

.rel.dyn        0x00013890        0x0
 .rel.iplt      0x00013890        0x0 main.o

.eh_frame
 *(.eh_frame*)

.data           0x00013890       0x70
 *(.data*)
 .data          0x00013890        0x0 main.o
 .data          0x00013890        0x0 kernel.o
 .data          0x00013890        0x0 hardware.o
 .data          0x00013890        0x0 logging.o
 .data          0x00013890        0x0 CLogger.o
 .data          0x00013890        0x0 ../../lib/libcircle.a(actled.o)
 .data          0x00013890        0x0 ../../lib/libcircle.a(bcmframebuffer.o)
 .data          0x00013890        0x0 ../../lib/libcircle.a(bcmpropertytags.o)
 .data          0x00013890        0x0 ../../lib/libcircle.a(chargenerator.o)
 .data          0x00013890        0x0 ../../lib/libcircle.a(gpiopin.o)
 .data          0x00013890        0x0 ../../lib/libcircle.a(koptions.o)
 .data          0x00013890        0x0 ../../lib/libcircle.a(machineinfo.o)
 .data          0x00013890        0x0 ../../lib/libcircle.a(sysinit.o)
 .data          0x00013890       0x30 ../../lib/libcircle.a(timer.o)
                0x00013890                CTimer::s_pMonthName
 .data          0x000138c0        0x0 ../../lib/libcircle.a(util.o)
 .data          0x000138c0        0x0 ../../lib/libcircle.a(util_fast.o)
 .data          0x000138c0        0x0 ../../lib/libcircle.a(virtualgpiopin.o)
 .data          0x000138c0        0x0 ../../lib/libcircle.a(chainboot.o)
 .data          0x000138c0        0x0 ../../lib/libcircle.a(new.o)
 .data          0x000138c0       0x1c ../../lib/libcircle.a(heapallocator.o)
                0x000138c0                CHeapAllocator::s_nBucketSize
 .data          0x000138dc       0x14 ../../lib/libcircle.a(exceptionhandler.o)
                0x000138dc                CExceptionHandler::s_pExceptionName
 .data          0x000138f0       0x10 ../../lib/libcircle.a(exceptionstub.o)
                0x000138f0                FIQData
                0x000138fc                IRQReturnAddress
 .data          0x00013900        0x0 ../../lib/libcircle.a(memory.o)
 .data          0x00013900        0x0 ../../lib/libcircle.a(pagetable.o)
 .data          0x00013900        0x0 ../../lib/libcircle.a(startup.o)
 .data          0x00013900        0x0 ../../lib/libcircle.a(synchronize.o)
 .data          0x00013900        0x0 ../../lib/libcircle.a(interrupt.o)
 .data          0x00013900        0x0 ../../lib/libcircle.a(assert.o)
 .data          0x00013900        0x0 ../../lib/libcircle.a(bcmmailbox.o)
 .data          0x00013900        0x0 ../../lib/libcircle.a(debug.o)
 .data          0x00013900        0x0 ../../lib/libcircle.a(delayloop.o)
 .data          0x00013900        0x0 ../../lib/libcircle.a(gpiomanager.o)
 .data          0x00013900        0x0 ../../lib/libcircle.a(ptrlist.o)
 .data          0x00013900        0x0 ../../lib/libcircle.a(string.o)
 .data          0x00013900        0x0 ../../lib/libcircle.a(pageallocator.o)
 .data          0x00013900        0x0 /home/bestenfalls/arm-gnu-toolchain-13.2.Rel1-x86_64-arm-none-eabi/bin/../lib/gcc/arm-none-eabi/13.2.1/arm/v5te/hard/libgcc.a(_udivsi3.o)
 .data          0x00013900        0x0 /home/bestenfalls/arm-gnu-toolchain-13.2.Rel1-x86_64-arm-none-eabi/bin/../lib/gcc/arm-none-eabi/13.2.1/arm/v5te/hard/libgcc.a(_dvmd_tls.o)
 .data          0x00013900        0x0 /home/bestenfalls/arm-gnu-toolchain-13.2.Rel1-x86_64-arm-none-eabi/bin/../lib/gcc/arm-none-eabi/13.2.1/arm/v5te/hard/libgcc.a(_aeabi_uldivmod.o)
 .data          0x00013900        0x0 /home/bestenfalls/arm-gnu-toolchain-13.2.Rel1-x86_64-arm-none-eabi/bin/../lib/gcc/arm-none-eabi/13.2.1/arm/v5te/hard/libgcc.a(_udivmoddi4.o)

.igot.plt       0x00013900        0x0
 .igot.plt      0x00013900        0x0 main.o

.bss            0x00013900       0xa8
                0x00013900                        __bss_start = .
 *(.bss*)
 .bss           0x00013900        0x0 main.o
 .bss           0x00013900        0x0 kernel.o
 .bss           0x00013900        0x0 hardware.o
 .bss           0x00013900        0x0 logging.o
 .bss           0x00013900        0xc CLogger.o
                0x00013900                CLogger::s_pThis
                0x00013904                CLogger::s_pSink
                0x00013908                CLogger::s_pSinkContext
 .bss           0x0001390c        0x4 ../../lib/libcircle.a(actled.o)
                0x0001390c                CActLED::s_pThis
 .bss           0x00013910        0x0 ../../lib/libcircle.a(bcmframebuffer.o)
 .bss           0x00013910        0x0 ../../lib/libcircle.a(bcmpropertytags.o)
 .bss           0x00013910        0x0 ../../lib/libcircle.a(chargenerator.o)
 .bss           0x00013910        0x4 ../../lib/libcircle.a(gpiopin.o)
                0x00013910                CGPIOPin::s_SpinLock
 .bss           0x00013914        0x4 ../../lib/libcircle.a(koptions.o)
                0x00013914                CKernelOptions::s_pThis
 .bss           0x00013918        0x4 ../../lib/libcircle.a(machineinfo.o)
                0x00013918                CMachineInfo::s_pThis
 .bss           0x0001391c       0x14 ../../lib/libcircle.a(sysinit.o)
                0x00013920                circle_version_string
                0x0001392c                __dso_handle
 .bss           0x00013930        0x4 ../../lib/libcircle.a(timer.o)
                0x00013930                CTimer::s_pThis
 .bss           0x00013934        0x0 ../../lib/libcircle.a(util.o)
 .bss           0x00013934        0x0 ../../lib/libcircle.a(util_fast.o)
 .bss           0x00013934        0x8 ../../lib/libcircle.a(virtualgpiopin.o)
                0x00013934                CVirtualGPIOPin::s_nGPIOBaseAddress
                0x00013938                CVirtualGPIOPin::s_SpinLock
 .bss           0x0001393c        0x8 ../../lib/libcircle.a(chainboot.o)
 .bss           0x00013944        0x0 ../../lib/libcircle.a(new.o)
 .bss           0x00013944        0x0 ../../lib/libcircle.a(heapallocator.o)
 .bss           0x00013944        0x4 ../../lib/libcircle.a(exceptionhandler.o)
                0x00013944                CExceptionHandler::s_pThis
 .bss           0x00013948        0x0 ../../lib/libcircle.a(exceptionstub.o)
 .bss           0x00013948        0x4 ../../lib/libcircle.a(memory.o)
                0x00013948                CMemorySystem::s_pThis
 .bss           0x0001394c        0x0 ../../lib/libcircle.a(pagetable.o)
 .bss           0x0001394c        0x0 ../../lib/libcircle.a(startup.o)
 .bss           0x0001394c       0x54 ../../lib/libcircle.a(synchronize.o)
 .bss           0x000139a0        0x4 ../../lib/libcircle.a(interrupt.o)
                0x000139a0                CInterruptSystem::s_pThis
 .bss           0x000139a4        0x0 ../../lib/libcircle.a(assert.o)
 .bss           0x000139a4        0x4 ../../lib/libcircle.a(bcmmailbox.o)
                0x000139a4                CBcmMailBox::s_SpinLock
 .bss           0x000139a8        0x0 ../../lib/libcircle.a(debug.o)
 .bss           0x000139a8        0x0 ../../lib/libcircle.a(delayloop.o)
 .bss           0x000139a8        0x0 ../../lib/libcircle.a(gpiomanager.o)
 .bss           0x000139a8        0x0 ../../lib/libcircle.a(ptrlist.o)
 .bss           0x000139a8        0x0 ../../lib/libcircle.a(string.o)
 .bss           0x000139a8        0x0 ../../lib/libcircle.a(pageallocator.o)
 .bss           0x000139a8        0x0 /home/bestenfalls/arm-gnu-toolchain-13.2.Rel1-x86_64-arm-none-eabi/bin/../lib/gcc/arm-none-eabi/13.2.1/arm/v5te/hard/libgcc.a(_udivsi3.o)
 .bss           0x000139a8        0x0 /home/bestenfalls/arm-gnu-toolchain-13.2.Rel1-x86_64-arm-none-eabi/bin/../lib/gcc/arm-none-eabi/13.2.1/arm/v5te/hard/libgcc.a(_dvmd_tls.o)
 .bss           0x000139a8        0x0 /home/bestenfalls/arm-gnu-toolchain-13.2.Rel1-x86_64-arm-none-eabi/bin/../lib/gcc/arm-none-eabi/13.2.1/arm/v5te/hard/libgcc.a(_aeabi_uldivmod.o)
 .bss           0x000139a8        0x0 /home/bestenfalls/arm-gnu-toolchain-13.2.Rel1-x86_64-arm-none-eabi/bin/../lib/gcc/arm-none-eabi/13.2.1/arm/v5te/hard/libgcc.a(_udivmoddi4.o)
 *(COMMON)
                0x000139a8                        _end = .
LOAD main.o
LOAD kernel.o
LOAD hardware.o
LOAD logging.o
LOAD CLogger.o
START GROUP
LOAD ../../lib/libcircle.a
LOAD /home/bestenfalls/arm-gnu-toolchain-13.2.Rel1-x86_64-arm-none-eabi/bin/../lib/gcc/arm-none-eabi/13.2.1/arm/v5te/hard/libgcc.a
LOAD /home/bestenfalls/arm-gnu-toolchain-13.2.Rel1-x86_64-arm-none-eabi/bin/../lib/gcc/arm-none-eabi/13.2.1/../../../../arm-none-eabi/lib/arm/v5te/hard/libm.a
END GROUP
OUTPUT(kernel.elf elf32-littlearm)
LOAD linker stubs

.debug_info     0x00000000    0x24d48
 .debug_info    0x00000000     0x202c main.o
 .debug_info    0x0000202c     0x2aeb kernel.o
 .debug_info    0x00004b17     0x23a1 hardware.o
 .debug_info    0x00006eb8     0x29d7 logging.o
 .debug_info    0x0000988f     0x112a CLogger.o
 .debug_info    0x0000a9b9     0x1390 ../../lib/libcircle.a(actled.o)
 .debug_info    0x0000bd49     0x1095 ../../lib/libcircle.a(bcmframebuffer.o)
 .debug_info    0x0000cdde      0xce9 ../../lib/libcircle.a(bcmpropertytags.o)
 .debug_info    0x0000dac7      0x3ac ../../lib/libcircle.a(chargenerator.o)
 .debug_info    0x0000de73     0x2a64 ../../lib/libcircle.a(gpiopin.o)
 .debug_info    0x000108d7     0x17b3 ../../lib/libcircle.a(koptions.o)
 .debug_info    0x0001208a      0xf51 ../../lib/libcircle.a(machineinfo.o)
 .debug_info    0x00012fdb      0xf53 ../../lib/libcircle.a(sysinit.o)
 .debug_info    0x00013f2e     0x27cf ../../lib/libcircle.a(timer.o)
 .debug_info    0x000166fd      0x8d0 ../../lib/libcircle.a(util.o)
 .debug_info    0x00016fcd     0x109e ../../lib/libcircle.a(virtualgpiopin.o)
 .debug_info    0x0001806b      0x239 ../../lib/libcircle.a(chainboot.o)
 .debug_info    0x000182a4      0xaad ../../lib/libcircle.a(new.o)
 .debug_info    0x00018d51     0x158b ../../lib/libcircle.a(heapallocator.o)
 .debug_info    0x0001a2dc     0x14e0 ../../lib/libcircle.a(exceptionhandler.o)
 .debug_info    0x0001b7bc      0xec7 ../../lib/libcircle.a(memory.o)
 .debug_info    0x0001c683      0x29d ../../lib/libcircle.a(pagetable.o)
 .debug_info    0x0001c920      0x248 ../../lib/libcircle.a(synchronize.o)
 .debug_info    0x0001cb68      0xf63 ../../lib/libcircle.a(interrupt.o)
 .debug_info    0x0001dacb      0xe8a ../../lib/libcircle.a(assert.o)
 .debug_info    0x0001e955     0x10bb ../../lib/libcircle.a(bcmmailbox.o)
 .debug_info    0x0001fa10      0xe7f ../../lib/libcircle.a(debug.o)
 .debug_info    0x0002088f      0xa31 ../../lib/libcircle.a(gpiomanager.o)
 .debug_info    0x000212c0      0x7ea ../../lib/libcircle.a(ptrlist.o)
 .debug_info    0x00021aaa     0x2cc7 ../../lib/libcircle.a(string.o)
 .debug_info    0x00024771      0x5d7 ../../lib/libcircle.a(pageallocator.o)

.debug_abbrev   0x00000000     0x768c
 .debug_abbrev  0x00000000      0x48d main.o
 .debug_abbrev  0x0000048d      0x5e8 kernel.o
 .debug_abbrev  0x00000a75      0x543 hardware.o
 .debug_abbrev  0x00000fb8      0x4d4 logging.o
 .debug_abbrev  0x0000148c      0x363 CLogger.o
 .debug_abbrev  0x000017ef      0x464 ../../lib/libcircle.a(actled.o)
 .debug_abbrev  0x00001c53      0x49c ../../lib/libcircle.a(bcmframebuffer.o)
 .debug_abbrev  0x000020ef      0x338 ../../lib/libcircle.a(bcmpropertytags.o)
 .debug_abbrev  0x00002427      0x1c8 ../../lib/libcircle.a(chargenerator.o)
 .debug_abbrev  0x000025ef      0x611 ../../lib/libcircle.a(gpiopin.o)
 .debug_abbrev  0x00002c00      0x4a4 ../../lib/libcircle.a(koptions.o)
 .debug_abbrev  0x000030a4      0x435 ../../lib/libcircle.a(machineinfo.o)
 .debug_abbrev  0x000034d9      0x43b ../../lib/libcircle.a(sysinit.o)
 .debug_abbrev  0x00003914      0x6a5 ../../lib/libcircle.a(timer.o)
 .debug_abbrev  0x00003fb9      0x249 ../../lib/libcircle.a(util.o)
 .debug_abbrev  0x00004202      0x4db ../../lib/libcircle.a(virtualgpiopin.o)
 .debug_abbrev  0x000046dd      0x145 ../../lib/libcircle.a(chainboot.o)
 .debug_abbrev  0x00004822      0x2a4 ../../lib/libcircle.a(new.o)
 .debug_abbrev  0x00004ac6      0x4b6 ../../lib/libcircle.a(heapallocator.o)
 .debug_abbrev  0x00004f7c      0x50b ../../lib/libcircle.a(exceptionhandler.o)
 .debug_abbrev  0x00005487      0x40f ../../lib/libcircle.a(memory.o)
 .debug_abbrev  0x00005896      0x1b0 ../../lib/libcircle.a(pagetable.o)
 .debug_abbrev  0x00005a46      0x124 ../../lib/libcircle.a(synchronize.o)
 .debug_abbrev  0x00005b6a      0x479 ../../lib/libcircle.a(interrupt.o)
 .debug_abbrev  0x00005fe3      0x2d6 ../../lib/libcircle.a(assert.o)
 .debug_abbrev  0x000062b9      0x44e ../../lib/libcircle.a(bcmmailbox.o)
 .debug_abbrev  0x00006707      0x2dc ../../lib/libcircle.a(debug.o)
 .debug_abbrev  0x000069e3      0x38c ../../lib/libcircle.a(gpiomanager.o)
 .debug_abbrev  0x00006d6f      0x1f3 ../../lib/libcircle.a(ptrlist.o)
 .debug_abbrev  0x00006f62      0x49a ../../lib/libcircle.a(string.o)
 .debug_abbrev  0x000073fc      0x290 ../../lib/libcircle.a(pageallocator.o)

.debug_loclists
                0x00000000     0xa329
 .debug_loclists
                0x00000000       0x20 main.o
 .debug_loclists
                0x00000020      0x1ee kernel.o
 .debug_loclists
                0x0000020e      0x2a2 hardware.o
 .debug_loclists
                0x000004b0      0x3ca logging.o
 .debug_loclists
                0x0000087a      0x824 CLogger.o
 .debug_loclists
                0x0000109e      0x189 ../../lib/libcircle.a(actled.o)
 .debug_loclists
                0x00001227      0x4eb ../../lib/libcircle.a(bcmframebuffer.o)
 .debug_loclists
                0x00001712      0x2bd ../../lib/libcircle.a(bcmpropertytags.o)
 .debug_loclists
                0x000019cf      0x149 ../../lib/libcircle.a(chargenerator.o)
 .debug_loclists
                0x00001b18     0x13b9 ../../lib/libcircle.a(gpiopin.o)
 .debug_loclists
                0x00002ed1      0x5bf ../../lib/libcircle.a(koptions.o)
 .debug_loclists
                0x00003490      0x4c8 ../../lib/libcircle.a(machineinfo.o)
 .debug_loclists
                0x00003958       0x87 ../../lib/libcircle.a(sysinit.o)
 .debug_loclists
                0x000039df      0xf77 ../../lib/libcircle.a(timer.o)
 .debug_loclists
                0x00004956      0xfdf ../../lib/libcircle.a(util.o)
 .debug_loclists
                0x00005935      0x292 ../../lib/libcircle.a(virtualgpiopin.o)
 .debug_loclists
                0x00005bc7      0x10e ../../lib/libcircle.a(chainboot.o)
 .debug_loclists
                0x00005cd5      0x1ed ../../lib/libcircle.a(new.o)
 .debug_loclists
                0x00005ec2      0x467 ../../lib/libcircle.a(heapallocator.o)
 .debug_loclists
                0x00006329      0x258 ../../lib/libcircle.a(exceptionhandler.o)
 .debug_loclists
                0x00006581      0x1da ../../lib/libcircle.a(memory.o)
 .debug_loclists
                0x0000675b       0x59 ../../lib/libcircle.a(pagetable.o)
 .debug_loclists
                0x000067b4       0xf0 ../../lib/libcircle.a(synchronize.o)
 .debug_loclists
                0x000068a4      0x92d ../../lib/libcircle.a(interrupt.o)
 .debug_loclists
                0x000071d1       0x55 ../../lib/libcircle.a(assert.o)
 .debug_loclists
                0x00007226      0x2d9 ../../lib/libcircle.a(bcmmailbox.o)
 .debug_loclists
                0x000074ff      0x13c ../../lib/libcircle.a(debug.o)
 .debug_loclists
                0x0000763b      0x453 ../../lib/libcircle.a(gpiomanager.o)
 .debug_loclists
                0x00007a8e      0x3aa ../../lib/libcircle.a(ptrlist.o)
 .debug_loclists
                0x00007e38     0x232a ../../lib/libcircle.a(string.o)
 .debug_loclists
                0x0000a162      0x1c7 ../../lib/libcircle.a(pageallocator.o)

.debug_aranges  0x00000000      0x3f8
 .debug_aranges
                0x00000000       0x20 main.o
 .debug_aranges
                0x00000020       0x20 kernel.o
 .debug_aranges
                0x00000040       0x20 hardware.o
 .debug_aranges
                0x00000060       0x20 logging.o
 .debug_aranges
                0x00000080       0x20 CLogger.o
 .debug_aranges
                0x000000a0       0x20 ../../lib/libcircle.a(actled.o)
 .debug_aranges
                0x000000c0       0x20 ../../lib/libcircle.a(bcmframebuffer.o)
 .debug_aranges
                0x000000e0       0x20 ../../lib/libcircle.a(bcmpropertytags.o)
 .debug_aranges
                0x00000100       0x20 ../../lib/libcircle.a(chargenerator.o)
 .debug_aranges
                0x00000120       0x28 ../../lib/libcircle.a(gpiopin.o)
 .debug_aranges
                0x00000148       0x20 ../../lib/libcircle.a(koptions.o)
 .debug_aranges
                0x00000168       0x20 ../../lib/libcircle.a(machineinfo.o)
 .debug_aranges
                0x00000188       0x20 ../../lib/libcircle.a(sysinit.o)
 .debug_aranges
                0x000001a8       0x20 ../../lib/libcircle.a(timer.o)
 .debug_aranges
                0x000001c8       0x20 ../../lib/libcircle.a(util.o)
 .debug_aranges
                0x000001e8       0x28 ../../lib/libcircle.a(virtualgpiopin.o)
 .debug_aranges
                0x00000210       0x20 ../../lib/libcircle.a(chainboot.o)
 .debug_aranges
                0x00000230       0x20 ../../lib/libcircle.a(new.o)
 .debug_aranges
                0x00000250       0x20 ../../lib/libcircle.a(heapallocator.o)
 .debug_aranges
                0x00000270       0x20 ../../lib/libcircle.a(exceptionhandler.o)
 .debug_aranges
                0x00000290       0x20 ../../lib/libcircle.a(memory.o)
 .debug_aranges
                0x000002b0       0x20 ../../lib/libcircle.a(pagetable.o)
 .debug_aranges
                0x000002d0       0x20 ../../lib/libcircle.a(synchronize.o)
 .debug_aranges
                0x000002f0       0x20 ../../lib/libcircle.a(interrupt.o)
 .debug_aranges
                0x00000310       0x20 ../../lib/libcircle.a(assert.o)
 .debug_aranges
                0x00000330       0x28 ../../lib/libcircle.a(bcmmailbox.o)
 .debug_aranges
                0x00000358       0x20 ../../lib/libcircle.a(debug.o)
 .debug_aranges
                0x00000378       0x20 ../../lib/libcircle.a(gpiomanager.o)
 .debug_aranges
                0x00000398       0x20 ../../lib/libcircle.a(ptrlist.o)
 .debug_aranges
                0x000003b8       0x20 ../../lib/libcircle.a(string.o)
 .debug_aranges
                0x000003d8       0x20 ../../lib/libcircle.a(pageallocator.o)

.debug_rnglists
                0x00000000      0xe69
 .debug_rnglists
                0x00000000       0x13 main.o
 .debug_rnglists
                0x00000013       0x2b kernel.o
 .debug_rnglists
                0x0000003e       0x57 hardware.o
 .debug_rnglists
                0x00000095       0x79 logging.o
 .debug_rnglists
                0x0000010e       0x4e CLogger.o
 .debug_rnglists
                0x0000015c       0x50 ../../lib/libcircle.a(actled.o)
 .debug_rnglists
                0x000001ac       0x2b ../../lib/libcircle.a(bcmframebuffer.o)
 .debug_rnglists
                0x000001d7      0x196 ../../lib/libcircle.a(gpiopin.o)
 .debug_rnglists
                0x0000036d      0x142 ../../lib/libcircle.a(koptions.o)
 .debug_rnglists
                0x000004af       0x17 ../../lib/libcircle.a(machineinfo.o)
 .debug_rnglists
                0x000004c6       0x1a ../../lib/libcircle.a(sysinit.o)
 .debug_rnglists
                0x000004e0      0x215 ../../lib/libcircle.a(timer.o)
 .debug_rnglists
                0x000006f5       0xcb ../../lib/libcircle.a(util.o)
 .debug_rnglists
                0x000007c0       0x85 ../../lib/libcircle.a(virtualgpiopin.o)
 .debug_rnglists
                0x00000845       0x33 ../../lib/libcircle.a(new.o)
 .debug_rnglists
                0x00000878       0x98 ../../lib/libcircle.a(heapallocator.o)
 .debug_rnglists
                0x00000910       0x5b ../../lib/libcircle.a(exceptionhandler.o)
 .debug_rnglists
                0x0000096b       0x21 ../../lib/libcircle.a(memory.o)
 .debug_rnglists
                0x0000098c       0x1a ../../lib/libcircle.a(pagetable.o)
 .debug_rnglists
                0x000009a6       0xfa ../../lib/libcircle.a(interrupt.o)
 .debug_rnglists
                0x00000aa0       0xc6 ../../lib/libcircle.a(bcmmailbox.o)
 .debug_rnglists
                0x00000b66       0x36 ../../lib/libcircle.a(debug.o)
 .debug_rnglists
                0x00000b9c       0x4a ../../lib/libcircle.a(gpiomanager.o)
 .debug_rnglists
                0x00000be6       0x1e ../../lib/libcircle.a(ptrlist.o)
 .debug_rnglists
                0x00000c04      0x202 ../../lib/libcircle.a(string.o)
 .debug_rnglists
                0x00000e06       0x63 ../../lib/libcircle.a(pageallocator.o)

.debug_line     0x00000000     0xa423
 .debug_line    0x00000000      0x19d main.o
 .debug_line    0x0000019d      0x465 kernel.o
 .debug_line    0x00000602      0x46a hardware.o
 .debug_line    0x00000a6c      0x7f8 logging.o
 .debug_line    0x00001264      0x48c CLogger.o
 .debug_line    0x000016f0      0x326 ../../lib/libcircle.a(actled.o)
 .debug_line    0x00001a16      0x408 ../../lib/libcircle.a(bcmframebuffer.o)
 .debug_line    0x00001e1e      0x2af ../../lib/libcircle.a(bcmpropertytags.o)
 .debug_line    0x000020cd      0x117 ../../lib/libcircle.a(chargenerator.o)
 .debug_line    0x000021e4     0x1099 ../../lib/libcircle.a(gpiopin.o)
 .debug_line    0x0000327d      0x812 ../../lib/libcircle.a(koptions.o)
 .debug_line    0x00003a8f      0x51f ../../lib/libcircle.a(machineinfo.o)
 .debug_line    0x00003fae      0x259 ../../lib/libcircle.a(sysinit.o)
 .debug_line    0x00004207     0x105c ../../lib/libcircle.a(timer.o)
 .debug_line    0x00005263      0x97d ../../lib/libcircle.a(util.o)
 .debug_line    0x00005be0      0x3c6 ../../lib/libcircle.a(virtualgpiopin.o)
 .debug_line    0x00005fa6       0xec ../../lib/libcircle.a(chainboot.o)
 .debug_line    0x00006092      0x19e ../../lib/libcircle.a(new.o)
 .debug_line    0x00006230      0x540 ../../lib/libcircle.a(heapallocator.o)
 .debug_line    0x00006770      0x395 ../../lib/libcircle.a(exceptionhandler.o)
 .debug_line    0x00006b05      0x306 ../../lib/libcircle.a(memory.o)
 .debug_line    0x00006e0b      0x11d ../../lib/libcircle.a(pagetable.o)
 .debug_line    0x00006f28      0x164 ../../lib/libcircle.a(synchronize.o)
 .debug_line    0x0000708c      0x847 ../../lib/libcircle.a(interrupt.o)
 .debug_line    0x000078d3      0x13a ../../lib/libcircle.a(assert.o)
 .debug_line    0x00007a0d      0x42e ../../lib/libcircle.a(bcmmailbox.o)
 .debug_line    0x00007e3b      0x1c3 ../../lib/libcircle.a(debug.o)
 .debug_line    0x00007ffe      0x3ec ../../lib/libcircle.a(gpiomanager.o)
 .debug_line    0x000083ea      0x404 ../../lib/libcircle.a(ptrlist.o)
 .debug_line    0x000087ee     0x1996 ../../lib/libcircle.a(string.o)
 .debug_line    0x0000a184      0x29f ../../lib/libcircle.a(pageallocator.o)

.debug_str      0x00000000     0x5436
 .debug_str     0x00000000     0x5436 main.o
                               0x2737 (size before relaxing)
 .debug_str     0x00005436     0x2a22 kernel.o
 .debug_str     0x00005436     0x277e hardware.o
 .debug_str     0x00005436     0x2814 logging.o
 .debug_str     0x00005436      0x56f CLogger.o
 .debug_str     0x00005436     0x15a5 ../../lib/libcircle.a(actled.o)
 .debug_str     0x00005436      0xa3c ../../lib/libcircle.a(bcmframebuffer.o)
 .debug_str     0x00005436      0xa82 ../../lib/libcircle.a(bcmpropertytags.o)
 .debug_str     0x00005436      0x32b ../../lib/libcircle.a(chargenerator.o)
 .debug_str     0x00005436     0x1c34 ../../lib/libcircle.a(gpiopin.o)
 .debug_str     0x00005436      0xb43 ../../lib/libcircle.a(koptions.o)
 .debug_str     0x00005436      0xbc2 ../../lib/libcircle.a(machineinfo.o)
 .debug_str     0x00005436      0xfe0 ../../lib/libcircle.a(sysinit.o)
 .debug_str     0x00005436     0x1345 ../../lib/libcircle.a(timer.o)
 .debug_str     0x00005436      0x304 ../../lib/libcircle.a(util.o)
 .debug_str     0x00005436      0xcbe ../../lib/libcircle.a(virtualgpiopin.o)
 .debug_str     0x00005436      0x229 ../../lib/libcircle.a(chainboot.o)
 .debug_str     0x00005436      0x85d ../../lib/libcircle.a(new.o)
 .debug_str     0x00005436     0x12ca ../../lib/libcircle.a(heapallocator.o)
 .debug_str     0x00005436     0x133b ../../lib/libcircle.a(exceptionhandler.o)
 .debug_str     0x00005436      0xb28 ../../lib/libcircle.a(memory.o)
 .debug_str     0x00005436      0x25d ../../lib/libcircle.a(pagetable.o)
 .debug_str     0x00005436      0x22a ../../lib/libcircle.a(synchronize.o)
 .debug_str     0x00005436      0x5bb ../../lib/libcircle.a(interrupt.o)
 .debug_str     0x00005436     0x10bf ../../lib/libcircle.a(assert.o)
 .debug_str     0x00005436      0xe39 ../../lib/libcircle.a(bcmmailbox.o)
 .debug_str     0x00005436     0x107c ../../lib/libcircle.a(debug.o)
 .debug_str     0x00005436      0x6dd ../../lib/libcircle.a(gpiomanager.o)
 .debug_str     0x00005436      0x349 ../../lib/libcircle.a(ptrlist.o)
 .debug_str     0x00005436      0x705 ../../lib/libcircle.a(string.o)
 .debug_str     0x00005436      0x3c5 ../../lib/libcircle.a(pageallocator.o)

.comment        0x00000000       0x44
 .comment       0x00000000       0x44 main.o
                                 0x45 (size before relaxing)
 .comment       0x00000044       0x45 kernel.o
 .comment       0x00000044       0x45 hardware.o
 .comment       0x00000044       0x45 logging.o
 .comment       0x00000044       0x45 CLogger.o
 .comment       0x00000044       0x45 ../../lib/libcircle.a(actled.o)
 .comment       0x00000044       0x45 ../../lib/libcircle.a(bcmframebuffer.o)
 .comment       0x00000044       0x45 ../../lib/libcircle.a(bcmpropertytags.o)
 .comment       0x00000044       0x45 ../../lib/libcircle.a(chargenerator.o)
 .comment       0x00000044       0x45 ../../lib/libcircle.a(gpiopin.o)
 .comment       0x00000044       0x45 ../../lib/libcircle.a(koptions.o)
 .comment       0x00000044       0x45 ../../lib/libcircle.a(machineinfo.o)
 .comment       0x00000044       0x45 ../../lib/libcircle.a(sysinit.o)
 .comment       0x00000044       0x45 ../../lib/libcircle.a(timer.o)
 .comment       0x00000044       0x45 ../../lib/libcircle.a(util.o)
 .comment       0x00000044       0x45 ../../lib/libcircle.a(virtualgpiopin.o)
 .comment       0x00000044       0x45 ../../lib/libcircle.a(chainboot.o)
 .comment       0x00000044       0x45 ../../lib/libcircle.a(new.o)
 .comment       0x00000044       0x45 ../../lib/libcircle.a(heapallocator.o)
 .comment       0x00000044       0x45 ../../lib/libcircle.a(exceptionhandler.o)
 .comment       0x00000044       0x45 ../../lib/libcircle.a(memory.o)
 .comment       0x00000044       0x45 ../../lib/libcircle.a(pagetable.o)
 .comment       0x00000044       0x45 ../../lib/libcircle.a(synchronize.o)
 .comment       0x00000044       0x45 ../../lib/libcircle.a(interrupt.o)
 .comment       0x00000044       0x45 ../../lib/libcircle.a(assert.o)
 .comment       0x00000044       0x45 ../../lib/libcircle.a(bcmmailbox.o)
 .comment       0x00000044       0x45 ../../lib/libcircle.a(debug.o)
 .comment       0x00000044       0x45 ../../lib/libcircle.a(gpiomanager.o)
 .comment       0x00000044       0x45 ../../lib/libcircle.a(ptrlist.o)
 .comment       0x00000044       0x45 ../../lib/libcircle.a(string.o)
 .comment       0x00000044       0x45 ../../lib/libcircle.a(pageallocator.o)

.ARM.attributes
                0x00000000       0x31
 .ARM.attributes
                0x00000000       0x33 main.o
 .ARM.attributes
                0x00000033       0x33 kernel.o
 .ARM.attributes
                0x00000066       0x33 hardware.o
 .ARM.attributes
                0x00000099       0x33 logging.o
 .ARM.attributes
                0x000000cc       0x33 CLogger.o
 .ARM.attributes
                0x000000ff       0x31 ../../lib/libcircle.a(actled.o)
 .ARM.attributes
                0x00000130       0x31 ../../lib/libcircle.a(bcmframebuffer.o)
 .ARM.attributes
                0x00000161       0x31 ../../lib/libcircle.a(bcmpropertytags.o)
 .ARM.attributes
                0x00000192       0x31 ../../lib/libcircle.a(chargenerator.o)
 .ARM.attributes
                0x000001c3       0x31 ../../lib/libcircle.a(gpiopin.o)
 .ARM.attributes
                0x000001f4       0x31 ../../lib/libcircle.a(koptions.o)
 .ARM.attributes
                0x00000225       0x31 ../../lib/libcircle.a(machineinfo.o)
 .ARM.attributes
                0x00000256       0x31 ../../lib/libcircle.a(sysinit.o)
 .ARM.attributes
                0x00000287       0x31 ../../lib/libcircle.a(timer.o)
 .ARM.attributes
                0x000002b8       0x31 ../../lib/libcircle.a(util.o)
 .ARM.attributes
                0x000002e9       0x1f ../../lib/libcircle.a(util_fast.o)
 .ARM.attributes
                0x00000308       0x31 ../../lib/libcircle.a(virtualgpiopin.o)
 .ARM.attributes
                0x00000339       0x31 ../../lib/libcircle.a(chainboot.o)
 .ARM.attributes
                0x0000036a       0x31 ../../lib/libcircle.a(new.o)
 .ARM.attributes
                0x0000039b       0x31 ../../lib/libcircle.a(heapallocator.o)
 .ARM.attributes
                0x000003cc       0x31 ../../lib/libcircle.a(exceptionhandler.o)
 .ARM.attributes
                0x000003fd       0x1f ../../lib/libcircle.a(exceptionstub.o)
 .ARM.attributes
                0x0000041c       0x31 ../../lib/libcircle.a(memory.o)
 .ARM.attributes
                0x0000044d       0x31 ../../lib/libcircle.a(pagetable.o)
 .ARM.attributes
                0x0000047e       0x1f ../../lib/libcircle.a(startup.o)
 .ARM.attributes
                0x0000049d       0x31 ../../lib/libcircle.a(synchronize.o)
 .ARM.attributes
                0x000004ce       0x31 ../../lib/libcircle.a(interrupt.o)
 .ARM.attributes
                0x000004ff       0x31 ../../lib/libcircle.a(assert.o)
 .ARM.attributes
                0x00000530       0x31 ../../lib/libcircle.a(bcmmailbox.o)
 .ARM.attributes
                0x00000561       0x31 ../../lib/libcircle.a(debug.o)
 .ARM.attributes
                0x00000592       0x1f ../../lib/libcircle.a(delayloop.o)
 .ARM.attributes
                0x000005b1       0x31 ../../lib/libcircle.a(gpiomanager.o)
 .ARM.attributes
                0x000005e2       0x31 ../../lib/libcircle.a(ptrlist.o)
 .ARM.attributes
                0x00000613       0x31 ../../lib/libcircle.a(string.o)
 .ARM.attributes
                0x00000644       0x31 ../../lib/libcircle.a(pageallocator.o)
 .ARM.attributes
                0x00000675       0x1f /home/bestenfalls/arm-gnu-toolchain-13.2.Rel1-x86_64-arm-none-eabi/bin/../lib/gcc/arm-none-eabi/13.2.1/arm/v5te/hard/libgcc.a(_udivsi3.o)
 .ARM.attributes
                0x00000694       0x1f /home/bestenfalls/arm-gnu-toolchain-13.2.Rel1-x86_64-arm-none-eabi/bin/../lib/gcc/arm-none-eabi/13.2.1/arm/v5te/hard/libgcc.a(_dvmd_tls.o)
 .ARM.attributes
                0x000006b3       0x1f /home/bestenfalls/arm-gnu-toolchain-13.2.Rel1-x86_64-arm-none-eabi/bin/../lib/gcc/arm-none-eabi/13.2.1/arm/v5te/hard/libgcc.a(_aeabi_uldivmod.o)
 .ARM.attributes
                0x000006d2       0x2f /home/bestenfalls/arm-gnu-toolchain-13.2.Rel1-x86_64-arm-none-eabi/bin/../lib/gcc/arm-none-eabi/13.2.1/arm/v5te/hard/libgcc.a(_udivmoddi4.o)

.debug_frame    0x00000000     0x1f74
 .debug_frame   0x00000000       0x30 main.o
 .debug_frame   0x00000030       0xd0 kernel.o
 .debug_frame   0x00000100       0xcc hardware.o
 .debug_frame   0x000001cc       0xa4 logging.o
 .debug_frame   0x00000270      0x134 CLogger.o
 .debug_frame   0x000003a4       0x90 ../../lib/libcircle.a(actled.o)
 .debug_frame   0x00000434      0x1c0 ../../lib/libcircle.a(bcmframebuffer.o)
 .debug_frame   0x000005f4       0x7c ../../lib/libcircle.a(bcmpropertytags.o)
 .debug_frame   0x00000670       0x78 ../../lib/libcircle.a(chargenerator.o)
 .debug_frame   0x000006e8      0x2bc ../../lib/libcircle.a(gpiopin.o)
 .debug_frame   0x000009a4      0x200 ../../lib/libcircle.a(koptions.o)
 .debug_frame   0x00000ba4      0x198 ../../lib/libcircle.a(machineinfo.o)
 .debug_frame   0x00000d3c       0x7c ../../lib/libcircle.a(sysinit.o)
 .debug_frame   0x00000db8      0x2c4 ../../lib/libcircle.a(timer.o)
 .debug_frame   0x0000107c      0x170 ../../lib/libcircle.a(util.o)
 .debug_frame   0x000011ec       0xb8 ../../lib/libcircle.a(virtualgpiopin.o)
 .debug_frame   0x000012a4       0x58 ../../lib/libcircle.a(chainboot.o)
 .debug_frame   0x000012fc       0xb0 ../../lib/libcircle.a(new.o)
 .debug_frame   0x000013ac       0xd0 ../../lib/libcircle.a(heapallocator.o)
 .debug_frame   0x0000147c      0x10c ../../lib/libcircle.a(exceptionhandler.o)
 .debug_frame   0x00001588       0xc0 ../../lib/libcircle.a(memory.o)
 .debug_frame   0x00001648       0x50 ../../lib/libcircle.a(pagetable.o)
 .debug_frame   0x00001698       0x70 ../../lib/libcircle.a(synchronize.o)
 .debug_frame   0x00001708      0x17c ../../lib/libcircle.a(interrupt.o)
 .debug_frame   0x00001884       0x2c ../../lib/libcircle.a(assert.o)
 .debug_frame   0x000018b0       0xac ../../lib/libcircle.a(bcmmailbox.o)
 .debug_frame   0x0000195c       0x64 ../../lib/libcircle.a(debug.o)
 .debug_frame   0x000019c0       0xb4 ../../lib/libcircle.a(gpiomanager.o)
 .debug_frame   0x00001a74       0xe8 ../../lib/libcircle.a(ptrlist.o)
 .debug_frame   0x00001b5c      0x2f8 ../../lib/libcircle.a(string.o)
 .debug_frame   0x00001e54       0xa0 ../../lib/libcircle.a(pageallocator.o)
 .debug_frame   0x00001ef4       0x20 /home/bestenfalls/arm-gnu-toolchain-13.2.Rel1-x86_64-arm-none-eabi/bin/../lib/gcc/arm-none-eabi/13.2.1/arm/v5te/hard/libgcc.a(_udivsi3.o)
 .debug_frame   0x00001f14       0x2c /home/bestenfalls/arm-gnu-toolchain-13.2.Rel1-x86_64-arm-none-eabi/bin/../lib/gcc/arm-none-eabi/13.2.1/arm/v5te/hard/libgcc.a(_aeabi_uldivmod.o)
 .debug_frame   0x00001f40       0x34 /home/bestenfalls/arm-gnu-toolchain-13.2.Rel1-x86_64-arm-none-eabi/bin/../lib/gcc/arm-none-eabi/13.2.1/arm/v5te/hard/libgcc.a(_udivmoddi4.o)

.debug_line_str
                0x00000000       0xc8
 .debug_line_str
                0x00000000       0xc8 /home/bestenfalls/arm-gnu-toolchain-13.2.Rel1-x86_64-arm-none-eabi/bin/../lib/gcc/arm-none-eabi/13.2.1/arm/v5te/hard/libgcc.a(_udivsi3.o)
                                 0xc0 (size before relaxing)
 .debug_line_str
                0x000000c8       0xc0 /home/bestenfalls/arm-gnu-toolchain-13.2.Rel1-x86_64-arm-none-eabi/bin/../lib/gcc/arm-none-eabi/13.2.1/arm/v5te/hard/libgcc.a(_dvmd_tls.o)
 .debug_line_str
                0x000000c8       0xbc /home/bestenfalls/arm-gnu-toolchain-13.2.Rel1-x86_64-arm-none-eabi/bin/../lib/gcc/arm-none-eabi/13.2.1/arm/v5te/hard/libgcc.a(_aeabi_uldivmod.o)
